// Vitest Snapshot v1, https://vitest.dev/guide/snapshot.html

exports[`matches snapshot 1`] = `
<DocumentFragment>
  <div
    class="Todo"
    id="1"
  >
    <p
      class="Todo-text"
      style="text-decoration: none;"
    >
      Pass the test
    </p>
    <button
      class="Todo-toggle-button"
    >
      Mark as complete
    </button>
    <button
      class="Todo-remove-button"
    >
      Delete Todo
    </button>
  </div>
</DocumentFragment>
`;
